src/pages/ChatPage.tsx(2,36): error TS2307: Cannot find module '@/components/chat/InteractiveMindMap' or its corresponding type declarations.
src/pages/ChatPage.tsx(3,34): error TS2307: Cannot find module '@/components/chat/MarkdownRenderer' or its corresponding type declarations.
src/pages/ChatPage.tsx(7,24): error TS2307: Cannot find module '@/components/ui/button' or its corresponding type declarations.
src/pages/ChatPage.tsx(8,23): error TS2307: Cannot find module '@/components/ui/input' or its corresponding type declarations.
src/pages/ChatPage.tsx(9,53): error TS2307: Cannot find module '@/components/ui/avatar' or its corresponding type declarations.
src/pages/ChatPage.tsx(10,81): error TS2307: Cannot find module '@/components/ui/dialog' or its corresponding type declarations.
src/pages/ChatPage.tsx(11,76): error TS2307: Cannot find module '@/components/ui/sheet' or its corresponding type declarations.
src/pages/ChatPage.tsx(12,28): error TS2307: Cannot find module '@/components/ui/scroll-area' or its corresponding type declarations.
src/pages/ChatPage.tsx(13,26): error TS2307: Cannot find module '@/components/ui/textarea' or its corresponding type declarations.
src/pages/ChatPage.tsx(38,20): error TS2307: Cannot find module '@/lib/utils' or its corresponding type declarations.
src/pages/ChatPage.tsx(39,26): error TS2307: Cannot find module '@/db/supabase' or its corresponding type declarations.
src/pages/ChatPage.tsx(40,25): error TS2307: Cannot find module '@/types/types' or its corresponding type declarations.
src/pages/ChatPage.tsx(41,26): error TS2307: Cannot find module '@/components/chat/IdentityGate' or its corresponding type declarations.
src/pages/ChatPage.tsx(42,27): error TS2307: Cannot find module '@/components/chat/VoiceControls' or its corresponding type declarations.
src/pages/ChatPage.tsx(43,32): error TS2307: Cannot find module '@/hooks/useVoiceOutput' or its corresponding type declarations.
src/pages/ChatPage.tsx(44,109): error TS2307: Cannot find module '@/db/api' or its corresponding type declarations.
src/pages/ChatPage.tsx(137,45): error TS1343: The 'import.meta' meta-property is only allowed when the '--module' option is 'es2020', 'es2022', 'esnext', 'system', 'node16', 'node18', 'node20', or 'nodenext'.
src/pages/ChatPage.tsx(137,57): error TS2339: Property 'env' does not exist on type 'ImportMeta'.
src/pages/ChatPage.tsx(141,48): error TS1343: The 'import.meta' meta-property is only allowed when the '--module' option is 'es2020', 'es2022', 'esnext', 'system', 'node16', 'node18', 'node20', or 'nodenext'.
src/pages/ChatPage.tsx(141,60): error TS2339: Property 'env' does not exist on type 'ImportMeta'.
src/pages/ChatPage.tsx(267,45): error TS1343: The 'import.meta' meta-property is only allowed when the '--module' option is 'es2020', 'es2022', 'esnext', 'system', 'node16', 'node18', 'node20', or 'nodenext'.
src/pages/ChatPage.tsx(267,57): error TS2339: Property 'env' does not exist on type 'ImportMeta'.
src/pages/ChatPage.tsx(271,48): error TS1343: The 'import.meta' meta-property is only allowed when the '--module' option is 'es2020', 'es2022', 'esnext', 'system', 'node16', 'node18', 'node20', or 'nodenext'.
src/pages/ChatPage.tsx(271,60): error TS2339: Property 'env' does not exist on type 'ImportMeta'.
src/pages/ChatPage.tsx(417,45): error TS1343: The 'import.meta' meta-property is only allowed when the '--module' option is 'es2020', 'es2022', 'esnext', 'system', 'node16', 'node18', 'node20', or 'nodenext'.
src/pages/ChatPage.tsx(417,57): error TS2339: Property 'env' does not exist on type 'ImportMeta'.
src/pages/ChatPage.tsx(421,48): error TS1343: The 'import.meta' meta-property is only allowed when the '--module' option is 'es2020', 'es2022', 'esnext', 'system', 'node16', 'node18', 'node20', or 'nodenext'.
src/pages/ChatPage.tsx(421,60): error TS2339: Property 'env' does not exist on type 'ImportMeta'.
src/pages/ChatPage.tsx(698,58): error TS2304: Cannot find name 'Copy'.
